[   0.00000] nitializing cgroup subsys cpuset
[    0.000000] Initializing cgroup subsys cpu
[    0.000000] Initializing cgroup subsys cpuacct
[    0.000000] Linux version 4.4.0-141-generic (buildd@lcy01-amd64-006) (gcc version 5.4.0 20160609 (Ubuntu 54.-6ubuntu1~16.04.10) ) #167-Ubuntu SMP Wed Dec 5 10:40:15 UTC 2018 (Ubuntu 4.4.0-141.167-generic 4.4.162)
[    0.0000000]Command line: BOOT_IMAGE=/boot/vmlinuz-4.4.0-141-generic root=LABEL=cloudimg-rootfs ro console=tty1 console=ttyS0
[    0.000000 KERNEL supported cpus:
[   0.000000]   Intel GenuineIntel
[    0.000000]   AMD AuthenticAMD
[    0.000000]   Centaur CentaurHauls
[    0.000000] x86/fpu: xstate_offset[2]:  576, xstate_sizes[2]:  256
[    0.000000] x86/fpu: Supporting XSAVE feature 0x01: 'x87 floating point registers'
[    0.000000] x86/fpu: Supporting XSAVE feature 0x02: 'SSE registers'
[    0.000000] x86/fpu: Supporting XSAVE feature 0x04: 'AVX registers'
[    000000] x86/fpu: Enabled xstate feaatures 0x7, context size is 832 bytes, using 'standard' format.
[    0.000000] e820: BIOS-provided phsical RAM map:
[    0.000000] BIOS-e820: [mem 0x0000000000000000-0x000000000009fbff] usable
[    0.000000] BIOS-e820: [mem 0x000000000009fc00-0x000000000009ffff] reserved
[    0.000000] BIOS-e820: [mem 0x00000000000f000-0x00000000000fffff] reserved
[    0.000000] BIOS-e820: [mem 0x0000000000100000-0x000000003ffeffff] usable
[    0.000000] BIOS-e82: [mem 0x000000003fff0000-0x000000003fffffff] ACPI data
[    0.000000] BIOS-e820: [mem 0x00000000fec00000-0x00000000fec00fff] reserved
[   .000000] BIOS-e820: [mem 0x00000000fee00000-0x00000000fee00fff] reserved
[    0.00000] IOS-e820: [mem 0x00000000fffc0000-0x00000000ffffffff] reserved
[    0.000000] NX (Execute Disable) protection: active
[   0.000000] SMIOS 2.5 present.
[    0.00000 Hypervisor detected: KVM
[    0.000000] e820: last_pfn = 0x3fff0 max_arch_pfn = 0x400000000
[    0.000000] MTRR: Disabled
[    0.000000 x86/PAT: MTRRs disabled, skipping PAT initialization too.
[    000000] CPU MTRRs all blank - virtualized system.
[    0.000000] x86/PAT: Configuration [0-7]: WB  WT  UC- UC  WB  WT  UC- UC  
[    0.000000] found SMP MP-table at [mem 0x0009fff0-0x0009ffff mpped at [fff88000009fff0]
[    0.000000] Scanning 1 areas for low memory corruption
[    0.000000] RAMDISK: [mem 0x3630a000-0x3717cfff]
[    0.000000] ACPI: Early table checksum verification disabled
[    0.000000] ACPI: RSDP 0x00000000000E0000 000024 (v02 VBOX  )
[    .000000]ACI: XSD 0000000003FFF0030 00003C (v01 VBOX   VBOXXSDT 00000001 ASL  00000061)
[    0.000000] ACPI: FACP 0x000000003FFF00F0 0000F4 (v04 VBOX   VBOXFACP 00000001 ASL  00000061)
[    0.000000] ACPI: DSDT 0x000000003FFF0470 0021FF (v02 VBOX   VBOXBIOS 00000002 INTL 20100528)
[    0.000000] ACPI: FACS 0x000000003FFF0200 000040
[    0.000000] ACPI: FACS 0x000000003FFF0200 000040
[    0.000000] ACPI: APIC 0x000000003FFF0240 00005C (v02 VBOX   VBOXAPIC 00000001 ASL  00000061)
[    0.000000] ACPI: SSDT 0x000000003FFF02A0 0001CC (v01 VBOX   VBOXCPUT 00000002 INTL 20100528)
[    0.000000] No NUMA configuration found
[    0.000000] Faing a ode at [mem 0x0000000000000000-0x000000003ffeffff]
[    0.000000]NODE_DATA(0) allocated [mem 0x3ffeb000-0x3ffeffff]
[    0.000000] kvm-clock: Using msrs 4b564d01 and 4b564d00
[    0.000000] kvmclock: cpu 0, msr 0:3ffe3001, primary cpu clock
[   0.000000] kvm-clock: using sched ofset of 4532678391 cycles
[    0.000000] clocksource: kvm-clock: mask: 0xffffffffffffffff max_cycles: 0x1cd42e4dffb, max_idle_ns: 881590591483 ns
[    0.000000] Zone ranges:
[    0.000000]   DMA      [mem 0x0000000000001000-0x0000000000ffffff]
[    0.000000]   DMA32    [mem 0x000000000000000-0x000000003ffeffff]
[    0.000000]   Normal   empty
[    0.000000]   Device   empty
[    0.000000] Movable zone start for eah node
[    0.000000] Early memory node ranges
[    0.000000]   node  0: [mem 0x0000000000001000-0x000000000009efff]
[    0.000000]   node   0: [mem 0x0000000000100000-0x000000003ffeffff]
[    0.000000] Initmem setup node 0 [mem 0x0000000000001000-0x00000003ffffff]
[    0.00000] ACPI: PM-Timer IO Port: 0x4008
[    0.000000] IOAPIC[0]: apic_id 2, version 32, address 0xfec00000, GSI 0-23
[    0.00000] ACPI: INT_SRC_OVR (bus 0 bus_irq 0 global_irq 2 dfl dfl)
[   0.000000] ACPI: INT_SRCOV (bus 0 bus_irq 9 global_irq 9 low level)
[    0.000000] Using ACPI (MADT) for SMP configuration information
[    0.000000] smpboot: Allowing 2 CPUs, 0 hotplug CPUs
[    0.000000] PM: Registered nosave memory: [mem 0x00000000-0x00000fff]
[    0.000000] PM: Registered nosave memory: [mem 0x0009f000-0x0009ffff]
[    0.000000] PM: Registered nosave memory: [mem 0x000a00000x00effff]
[    0.00000] M: Registered nosave memory: [mem 0x000f0000-0x000fffff]
[    0.000000] e820: [mem 0x40000000-0xfebfffff] available for PCI devices
[    0.000000] Booting paravirtualized kernel on KVM
[    0.000000] clocksource: refined-jiffies: mask: 0xffffffff max_cycles: 0xffffffff, max_idle_ns: 7645519600211568 ns
[    0.000000] stu_percpu:NRCPUS:512 nr_cpumask_bits:512 nr_cpu_ids:2 nr_nodee_is:
[    0.000000] PERCPU: Embedded 34 pages/cpu @ffff88003fc00000 9908 r812 31464 u1048576
[   0.000000] PV qspinlock hash table entries: 256 (order: 0, 4096 bytes)
[    0.000000] Built 1 zonelists in Node order, mobility grouping on.  Total pages: 257912
[   0.000000] Policy zone: DMA32
[    0.000000] Kernel command line: BOOT_IMAGE=/boot/vmlinu-4.4.0-141-generic root=LABEL=cloudimg-rootfs ro console=tty1 console=ttyS0
[    0.000000] PID hash table entries: 4096 (order: 3, 32768 bytes)
[    0.000000] Memory: 997708K/1048120K available (8568K kernel code, 1314K rwdata, 4008K rdata, 1528K init, 1316K bss, 50412K reserved, 0K cma-reserved)
[   0.000000] SLUB: HWalign=64, Order=0-3, MinObjects=0, CPUs=2, Nodes=1
[    0.000000] Kernel/User page tables isolation: enabled
[    0.00000] Hierarchical RCU implementation.
[    0.000000] 	Build-time adjustment of leaf fanout to 64.
[    0.000000] 	RCU restricting CPUs from NR_CPUS=512 to nr_cpu_ids=2.
[    0.000000] RCU: Adjusting geometry for rcu_fanout_leaf=64, nr_cpu_ids=2
[    0.000000] NR_IRQS:33024 nr_irqs:440 16
[    0.000000] Console: colour VGA+ 80x25
[    0.000000] console [tty1] enabled
[    0.000000] console [ttyS0] enabled
[    0.000000] tsc: Detected 2394.452 MHz processor
[    2.274321] Calibrating delay loop (skipped) preset value.. 4788.90 BogoMIPS (lpj=9577808)
[    2.277535] pid_max: default: 32768 minimum: 301
[    2.279298] ACPI: Core revision 20150930
[    2.284866] ACPI: 2 ACPI AML tables successfully acquired and loaded
[    2.287339] ecurity Framework initialized
[    2.312746] Yama: becoming mindful.
[    2.314350] AppArmor: AppArmor initialized
[    2.316256] Dentry cache hash table entries: 131072 (order: 8, 1048576 bytes)
[    2.324643] Inode-cache hash table entries: 65536 (order: 7, 524288 bytes)
[    2.327280] Mount-cache hash table entries: 2048 (order: 2, 16384 bytes)
[    2.358976] Mountpoint-cache hash table entries: 2048 (order: 2, 16384 bytes)
[    2.361829] Initializing cgroup subsys io
[    2.371054] Initializing cgroup subsys memory
[    2.426294] Initializing cgroup subsys devices
[    2.428018] Initializing cgroup subsys freezer
[    2.440462] Initializing cgroup subsys net_cls
[    2.446318] Initializing cgroup subsys perf_event
[    2.463966] Initializing cgroup subsys net_prio
[    2.465777] Initializing cgroup subsys hugetlb
[    2.467526] Initializing cgroup subsys pids
[    2.491958] mce: CPU supports 0 MCE banks
[    2.495246] Last level iTLB entries: 4KB 1024, 2MB 1024, 4MB 1024
[    2.530747] Last level dTLB entries: 4KB 1024, 2MB 1024, 4MB 1024, 1GB 4
[    2.571720] Spectre V2 : Mitigation: Full generic retpoline
[    2.587373] Spectre V2 : Spectre v2 mitigation: Speculation control IBPB not-supported IBRS not-supported
[    2.600010] Spectre V2 : Spectre v2 / SpectreRSB mitigation: Filling RSB on context switch
[    2.623597] Speculative Store Bypass: Vulnerable
[    2.642739] Freeing SMP alternatives memory: 32K
[    2.727207] ftrace: allocating 32291 entries in 127 pages
[    2.887368] smpboot: APIC(0) Converting physical 0 to logical package 0
[    2.962370] smpboot: Max logical packages: 1
[    2.993846] x2apic enabled
[    2.995989] Switched APIC routing to physical x2apic.
[    3.004999] ..TIMER: vector=0x30 apic1=0 pin1=2 apic2=-1 pin2=-1
[    3.113724] smpboot: CPU0: Intel(R) Core(TM) i7-4700MQ CPU @ 2.40GHz (family: 0x6, model: 0x3c, stepping: 0x3)
[    3.170546] Performance Events: unsupported p6 CPU model 60 no PMU driver, software events only.
[    3.174117] KVM setup paravirtual spinlock
[    3.176793] x86: Booting SMP configuration:
[    3.213607] .... node  #0, CPUs:      #1
[    3.226678] kvm-clock: cpu 1, msr 0:3ffe3041, secondary cpu clock
[    3.243579] mce: CPU supports 0 MCE banks
[    3.262349] x86: Booted up 1 node, 2 CPUs
[    3.271079] smpboot: Total of 2 processors activated (9577.80 BogoMIPS)
[    3.278101] devtmpfs: initialized
[    3.295661] evm: security.selinux
[    3.297185] evm: security.SMACK64
[    3.298665] evm: security.SMACK64EXEC
[    3.301661] evm: security.SMACK64TRANSMUTE
[    3.305264] evm: security.SMACK64MMAP
[    3.306824] evm: security.ima
[    3.329494] evm: security.capability
[    3.337245] clocksource: jiffies: mask: 0xffffffff max_cycles: 0xffffffff, max_idle_ns: 7645041785100000 ns
[    3.342853] futex hash table entries: 512 (order: 3, 32768 bytes)
[    3.350327] pinctrl core: initialized pinctrl subsystem
[    3.369454] RTC time: 16:46:28, date: 03/02/19
[    3.371439] NET: Registered protocol family 16
[    3.391060] cpuidle: using governor ladder
[    3.433541] cpuidle: using governor menu
[    3.436973] PCCT header not found.
[    3.440452] ACPI: bus type PCI registered
[    3.445833] acpiphp: ACPI Hot Plug PCI Controller Driver version: 0.5
[    3.469905] PCI: Using configuration type 1 for base access
[    3.516393] ACPI: Added _OSI(Module Device)
[    3.530482] ACPI: Added _OSI(Processor Device)
[    3.537313] ACPI: Added _OSI(3.0 _SCP Extensions)
[    3.546795] ACPI: Added _OSI(Processor Aggregator Device)
[    3.550592] ACPI: Executed 1 blocks of module-level executable AML code
[    3.583868] ACPI: Interpreter enabled
[    3.603638] ACPI: (supports S0 S5)
[    3.612891] ACPI: Using IOAPIC for interrupt routing
[    3.635394] PCI: Using host bridge windows from ACPI; if necessary, use "pci=nocrs" and report a bug
[    3.662465] ACPI: PCI Root Bridge [PCI0] (domain 0000 [bus 00-ff])
[    3.672257] acpi PNP0A03:00: _OSC: OS supports [ASPM ClockPM Segments MSI]
[    3.678350] acpi PNP0A03:00: _OSC: not requesting OS control; OS requires [ExtendedConfig ASPM ClockPM MSI]
[    3.684671] acpi PNP0A03:00: fail to add MMCONFIG information, can't access extended PCI configuration space under this bridge.
[    3.708544] PCI host bridge to bus 0000:00
[    3.715713] pci_bus 0000:00: root bus resource [io  0x0000-0x0cf7 window]
[    3.737004] pci_bus 0000:00: root bus resource [io  0x0d00-0xffff window]
[    3.754402] pci_bus 0000:00: root bus resource [mem 0x000a0000-0x000bffff window]
[    3.802865] pci_bus 0000:00: root bus resource [mem 0x40000000-0xfdffffff window]
[    3.848079] pci_bus 0000:00: root bus resource [bus 00-ff]
[    3.860905] pci 0000:00:01.1: legacy IDE quirk: reg 0x10: [io  0x01f0-0x01f7]
[    3.874500] pci 0000:00:01.1: legacy IDE quirk: reg 0x14: [io  0x03f6]
[    3.917203] pci 0000:00:01.1: legacy IDE quirk: reg 0x18: [io  0x0170-0x0177]
[    3.948606] pci 0000:00:01.1: legacy IDE quirk: reg 0x1c: [io  0x0376]
[    4.009221] pci 0000:00:07.0: quirk: [io  0x4000-0x403f] claimed by PIIX4 ACPI
[    4.013366] pci 0000:00:07.0: quirk: [io  0x4100-0x410f] claimed by PIIX4 SMB
[    4.030123] ACPI: PCI Interrupt Link [LNKA] (IRQs 5 9 10 *11)
[    4.045922] ACPI: PCI Interrupt Link [LNKB] (IRQs 5 9 *10 11)
[    4.055826] ACPI: PCI Interrupt Link [LNKC] (IRQs 5 *9 10 11)
[    4.069157] ACPI: PCI Interrupt Link [LNKD] (IRQs 5 9 10 *11)
[    4.093628] ACPI: Enabled 2 GPEs in block 00 to 07
[    4.124491] vgaarb: setting as boot device: PCI:0000:00:02.0
[    4.177585] vgaarb: device added: PCI:0000:00:02.0,decodes=io+mem,owns=io+mem,locks=none
[    4.184363] vgaarb: loaded
[    4.210442] vgaarb: bridge control possible 0000:00:02.0
[    4.214095] SCSI subsystem initialized
[    4.256659] ACPI: bus type USB registered
[    4.296081] usbcore: registered new interface driver usbfs
[    4.298226] usbcore: registered new interface driver hub
[    4.301375] usbcore: registered new device driver usb
[    4.309380] PCI: Using ACPI for IRQ routing
[    4.316688] NetLabel: Initializing
[    4.327669] NetLabel:  domain hash size = 128
[    4.333300] NetLabel:  protocols = UNLABELED CIPSOv4
[    4.340208] NetLabel:  unlabeled traffic allowed by default
[    4.346592] amd_nb: Cannot enumerate AMD northbridges
[    4.350266] clocksource: Switched to clocksource kvm-clock
[    4.386948] AppArmor: AppArmor Filesystem Enabled
[   4.388885 pnp: PnP ACPI init
[    4.496283] pnp: PnP ACPI: found 3 devices

[    4.511691] clocksource: acpi_pm: mask: 0xffffff max_cycles: 0xffffff, max_idle_ns: 2085701024 ns
[    4.518176] NET: Registered protocol family 2
[    4.520171] TCP established hash table entries:8192 (order: 4, 65536 bytes)
[    4.558459] TCP bind hash table entries: 8192 (order: 5, 131072 bytes)
[    4.560813] TCP: Hash tables configured (established 8192 bind 8192)
[   4.563020] UDP has tble entries: 512 (order: 2, 16384 bytes)
[   .66416] UDP-Lite hash table entries: 512 (order: 2, 16384 bytes)
[    4.770349] NET: Registered protocol family 1
[    4.772053] pci 0000:00:00.0: Limiting direct PCI/PCI transfers
[    4.774419] pci 0000:00:01.0: Activating ISA DMA hang workarounds
[    4.77680]Unacin initramfs...

[    5.459424] Freeing initrd memory: 14796K
[   5.4135]RAL MUdetected, API unit is 2^-32 Joules, 4 fixed counters 10737418240 ms ovfl timer
[    5.723381] hw unit of domain pp0-core 2^-0 Joules
[   .75230] hw unit of domain package 2^-0 Joules

[    5.829782] hw unit of domain dram 2^-0 Joules
[    5.852024] hw unit of domain pp1-gpu 2^-0 Joules
[   5.6141] platform rtc_cmos: registered platform RTC device (no PNPdeic found)
[    607171] Scanning for low memory corruption every 60 sconds

[    6.174757] audit: initializing netlink subsys (disabled)
[    6.192347] audit: type=2000 audit(1551545193.861:1): initialized
[    6.210776] Initialise system trusted keyring
[    6.229505] HugeTLB registered 2 MB page size, pre-allocated 0 pages
[    6.244880] zbud: loaded
[    6.273463] VFS: Disk quotas dquot_6.6.0
[    6.291489] VFS: Dquot-cache hash table entries: 512 (order 0, 4096 bytes)
[    6.302123] squashfs: version 4.0 (2009/01/31) Phillip Lougher
[    6309637] fuse init (API version 7.23)

[   .348996] Key type big_key registered
[    6.418423] Allocating IMA MOK and blacklist keyrings.

[    6.422124] Key type asymmetric registered
[    6.455880] Asymmetric key parser 'x509' registered
[    6.459955] Block layer SCSI generic (bsg) driver version 0.4 loaded (major 249)
[    6.469768] io scheduler noop registered
[    6.473187] io scheduler deadline registered (default)
[    6.475224] io scheduler cfq registered
[    6.480512] pci_hotplug: PCI Hot Plug PCI Core version: 0.5
[    6.502190] pciehp: PCI Express Hot Plug Controller Driver version: 0.4
[    6.509679] ACPI: AC Adapter [AC] (on-line)
[    6.512760] input: Power Button as /devices/LNXSYSTM:00/LNXPWRBN:00/input/input0
[    6.517606] ACPI: Power Button [PWRF]
[    6.521066] input: Sleep Button as /devices/LNXSYSTM:00/LNXSLPBN:00/input/input1
[    6.551718] ACPI: Sleep Button [SLPF]
[    6.553570] GHES: HEST is not enabled!
[    6.554995] ACPI: Battery Slot [BAT0] (battery present)
[    6.573652] Serial: 8250/16550 driver, 32 ports, IRQ sharing enabled
[    6.599293] 00:02: ttyS0 at I/O 0x3f8 (irq = 4, base_baud = 115200) is a 16550A
[    6.612127] Linux agpgart interface v0.103
[    6.617068] loop: module loaded
[    6.619582] scsi host0: ata_piix
[    6.621218] scsi host1: ata_piix
[    6.622656] ata1: PATA max UDMA/33 cmd 0x1f0 ctl 0x3f6 bmdma 0xd000 irq 14
[    6.624997] ata2: PATA max UDMA/33 cmd 0x170 ctl 0x376 bmdma 0xd008 irq 15
[    6.627809] libphy: Fixed MDIO Bus: probed
[    665371] tun: Universal TUN/TAP device driver, 1.6
[    6.728189] tun: (C) 1999-2004 Max Krasnynsky <ax@qualcomm.com>

[    6.854595] PPP generic driver version 2.4.2
[    6.856545] ehci_hcd: USB 2.0 'Enhanced' Host Controller (EHCI) Driver
[    6.858898] tsc: Refined TSC clocksource calibration: 2394.544 MHz
[    6.861031] clocksource: tsc: mask: 0xffffffffffffffff max_cycles: 0x22841565964, max_idle_ns: 440795310388 ns
[    6.864902] ehci-pci: EHCI PCI platform driver
[    6.866807] ehci-platform: EHCI generic platform driver
[    6.868792] ohci_hcd: USB 1.1 'Open' Host Controller (OHCI) Driver
[    6.942631] ohci-pci: OHCI PCI platform driver
[    6.960434] ohci-platform: OHCI generic platform driver
[   .965772] uhci_hcd: USB Universal Host Controller Interface driver
[   .01007] i8042: PNP: PS/2 Controller [PNP0303:PS2K,PNP0f03:PS2M] at 0x60,0x64 irq 1,12
[    7.146479] serio: i8042 KBD port at 0x60,0x64 irq1
[    71818] serio: i8042 AUX port at 0x60,0x64 irq 12

[    7.292433] mousedev: PS/2 mouse device common for all mice
[    7.304928] input: AT Translated Set 2 keyboard as /devices/platform/i8042/serio0/input/input2
[    7.355619] rtc_cmos rtc_cmos: rtc core: registered rtc_cmos as rtc0
[    7.377379] rtc_cmos rtc_cmos: alarms up to one day, 114 bytes nvram
[    7.380786] i2c /dev entries driver
[    7.382475] device-mapper: uevent: version 1.0.3
[    7.393884] device-mapper: ioctl: 4.34.0-ioctl (2015-10-28) initialised: dm-devel@redhat.com
[    7.406039] ledtrig-cpu: registered to indicate activity on CPUs
[    7.450403] NET: Registered protocol family 10
[    7.458387] NET: Registered protocol family 17
[    7.487899] Key type dns_resolver registered
[    7.503163] registered taskstats version 1
[    7.517741] Loading compiled-in X.509 certificates
[   7.523737] Loaded X.509 cert 'Buildtime autogenerated kernel key: 7c9fb337b82e5a34393f89c56bae1895c7c'
[  7.766063] zswap: loaded using pool lzo/zbud

[    7.839122] Key type trusted registered
[    7.860354] Key type encrypted registered
[    7.863566] AppArmor: AppArmor sha1 policy hashing enabled
[    7.879712] ima: No TPM chip found, activating TPM-bypass!
[    7.905631] ima: Allocated hash algorithm: sha1
[    7.912301] evm: HMAC attrs: 0x1
[    7.917461]   Magic number: 11:64:792
[    7.921077 rc_cmos rtc_cmos: setting system clock to 2019-03-02 16:46:33 UTC (1551545193)

[    8.016545] BIOS EDD facility v0.16 2004-Jun-25, 0 devices found
[    8.018652] EDD information not available.
[    8.025078] Freeing unused kernel memory: 1528K
[    8.507112] Write protecting the kernel read-only data: 14336k
[    8.525440] Freeing unused kernel memory: 1660K
[    8.528740] Freeing unused kernel memory: 88K
Loading, please wait...
starting version[    8.888418] random: systemd-udevd: uninitialized urandom read (16 bytes read, 4 bits of entropy available)
 229
[    8.889332] random: udevadm: uninitialized urandom read (16 bytes read, 4 bits of entropy available)
[    8.889360] random: udevadm: uninitialized urandom read (16 bytes read, 4 bits of entropy available)
[    8.906410] random: udevadm: uninitialized urandom read (16 bytes read, 4 bits of entropy available)
[    8.906491] random: udevadm: uninitialized urandom read (16 bytes read, 4 bits of entropy available)
[    8.906744] random: udevadm: uninitialized urandom read (16 bytes read, 4 bits of entropy available)
[    8.906833] random: udevadm: uninitialized urandom read (16 bytes read, 4 bits of entropy available)
[    8.906927] random: udevadm: uninitialized urandom read (16 bytes read, 4 bits of entropy available)
[    8.907020] random: udevadm: uninitialized urandom read (16 bytes read, 4 bits of entropy available)
[    8.907110] random: udevadm: uninitialized urandom read (16 bytes read, 4 bits of entropy available)
[    9.052767] e1000: Intel(R) PRO/1000 Network Driver - version 7.3.21-k8-NAPI
[    9.060182] e1000: Copyright (c) 1999-2006 Intel Corporation.
[    9.069159] Fusion MPT base driver 3.04.20
[    9.071045] Copyright (c) 1999-2008 LSI Corporation
[    9.083780] Fusion MPT SPI Host driver 3.04.20
[    9.102046] AVX2 version of gcm_enc/dec engaged.
[    9.104150] AES CTR mode by8 optimization enabled
[    9.296228] input: ImExPS/2 Generic Explorer Mouse as /devices/platform/i8042/serio1/input/input4
[    9.524873] e1000 0000:00:03.0 eth0: (PCI:33MHz:32-bit) 02:0d:67:c1:5e:a8
[    9.537139] e1000 0000:00:03.0 eth0: Intel(R) PRO/1000 Network Connection
[    9.995498] e1000 0000:00:08.0 eth1: (PCI:33MHz:32-bit) 08:00:27:de:a9:cf
[   10.028828] e1000 0000:00:08.0 eth1: Intel(R) PRO/1000 Network Connection
[   10.033621] e1000 0000:00:08.0 enp0s8: renamed from eth1
[   10.055147] mptbase: ioc0: Initiating bringup
[   10.074902] e1000 0000:00:03.0 enp0s3: renamed from eth0
[   10.140467] ioc0: LSI53C1030 A0: Capabilities={Initiator}
[   10.321819] scsi host2: ioc0: LSI53C1030 A0, FwRev=00000000h, Ports=1, MaxQ=256, IRQ=20
[   10.452745] scsi 2:0:0:0: Direct-Access     VBOX     HARDDISK         1.0  PQ: 0 ANSI: 5
[   10.519172] scsi target2:0:0: Beginning Domain Validation
[   10.526471] scsi target2:0:0: Domain Validation skipping write tests
[   10.533866] scsi target2:0:0: Ending Domain Validation
[   10.539613] scsi target2:0:0: asynchronous
[   10.542226] scsi 2:0:1:0: Direct-Access     VBOX     HARDDISK         1.0  PQ: 0 ANSI: 5
[   10.562295] scsi target2:0:1: Beginning Domain Validation
[   10.569470] scsi target2:0:1: Domain Validation skipping write tests
[   10.580749] scsi target2:0:1: Ending Domain Validation
[   10.589217] scsi target2:0:1: asynchronous
[   10.601384] sd 2:0:0:0: Attached scsi generic sg0 type 0
[   10.607027] sd 2:0:0:0: [sda] 20971520 512-byte logical blocks: (10.7 GB/10.0 GiB)
[   10.627975] sd 2:0:1:0: Attached scsi generic sg1 type 0
[   10.628622] sd 2:0:1:0: [sdb] 20480 512-byte logical blocks: (10.5 MB/10.0 MiB)
[   10.628725] sd 2:0:0:0: [sda] Write Protect is off
[   10.628893] sd 2:0:1:0: [sdb] Write Protect is off
[   10.628936] sd 2:0:0:0: [sda] Incomplete mode parameter data
[   10.628939] sd 2:0:0:0: [sda] Assuming drive cache: write through
[   10.629101] sd 2:0:1:0: [sdb] Incomplete mode parameter data
[   10.629104] sd 2:0:1:0: [sdb] Assuming drive cache: write through
[   10.665204]  sda: sda1
[   10.666794] sd 2:0:1:0: [sdb] Attached SCSI disk
[   10.666865] sd 2:0:0:0: [sda] Attached SCSI disk
Begin: Loading e[   12.636618] md: linear personality registered for level -1
ssential drivers ... [   12.683204] md: multipath personality registered for level -4
[   12.693908] md: raid0 personality registered for level 0
[   12.700423] md: raid1 personality registered for level 1
[   12.794313] raid6: sse2x1   gen()  2702 MB/s
[   12.878312] raid6: sse2x1   xor()  1753 MB/s
[   12.962341] raid6: sse2x2   gen()  4511 MB/s
[   13.034679] raid6: sse2x2   xor()  3045 MB/s
[   13.103071] raid6: sse2x4   gen()  7100 MB/s
[   13.174316] raid6: sse2x4   xor()  4054 MB/s
[   13.246584] raid6: avx2x1   gen()  5622 MB/s
[   13.314438] raid6: avx2x2   gen() 10613 MB/s
[   13.394494] raid6: avx2x4   gen() 13913 MB/s
[   13.396465] raid6: using algorithm avx2x4 gen() 13913 MB/s
[   13.398767] raid6: using avx2x2 recovery algorithm
[   13.405740] xor: automatically using best checksumming function:
[   13.446724]    avx       : 17895.000 MB/sec
[   13.450312] async_tx: api initialized (async)
[   13.465203] md: raid6 personality registered for level 6
[   13.487730] md: raid5 personality registered for level 5
[   13.489625] md: raid4 personality registered for level 4
[   13.501743] md: raid10 personality registered for level 10
done.
Begin: Running /scripts/init-premount ... done.
Begin: Mounting root file system ... Begin: Running /scripts/local-top ... done.
Begin: Running /scripts/local-premount ... [   13.566369] Btrfs loaded
Scanning for Btrfs filesystems
done.
Warning: fsck not present, so skipping root file system
[   13.792775] EXT4-fs (sda1): mounted filesystem with ordered data mode. Opts: (null)
done.
Begin: Running /scripts/local-bottom ... done.
Begin: Running /scripts/init-bottom ... done.
[   14.793502] random: nonblocking pool is initialized
[   14.854755] systemd[1]: systemd 229 running in system mode. (+PAM +AUDIT +SELINUX +IMA +APPARMOR +SMACK +SYSVINIT +UTMP +LIBCRYPTSETUP +GCRYPT +GNUTLS +ACL +XZ -LZ4 +SECCOMP +BLKID +ELFUTILS +KMOD -IDN)
[   14.884438] systemd[1]: Detected vrtalization oracle.
[   14.96369] systemd[1]: Detected architecture x86-64.

Welcome to [1mUbuntu 16.04.5 LTS[0m!

[   15.481252] systemd[1]: Set hostname to <ubuntu-xenial>.
[   17.391482] systemd[1]: Listening on Syslog Socket.
[[0;32m  OK  [0m] Listening on Syslog Socket.
[   17.466136] systemd[1]: Started Trigger resolvconf update for networkd DNS.
[[0;32m  OK  [0m] Started Trigger resolvconf update for networkd DNS.
[   17.507227] systemd[1]: Listening on /dev/initctl Compatibility Named Pipe.
[[0;32m  OK  [0m] Listening on /dev/initctl Compatibility Named Pipe.
[  1.85407] systemd[1]: Listening on udev Kernel Socket.
[[0;32m  OK  [0m] Listening on udev Kernel Socket.
[   18.475613] systemd[1]: Listening on udev Control Socket.
[[0;32m  OK  [0m] Listening on udev Control Socket.
[   18.518632] systemd[1]: Listening on Device-mapper event daemon FIFOs.
[[0;32m  OK  [0m] Listening on Device-mapper event daemon FIFOs.
[   18.895733] systemd[1]: Reached target System Time Synchronized.
[[0;32m  OK  [0m] Reached target System Time Synchronized.
[   19.426893] systemd[1]: Created slice System Slice.
[[0;32m  OK  [0m] Created slice System Slice.
[   19.468549] systemd[1]: Started Forward Password Requests to Wall Directory Watch.
[[0;32m  OK  [0m] Started Forward Password Requests to Wall Directory Watch.
[   19.533437] systemd[1]: Created slice system-serial\x2dgetty.slice.
[[0;32m  OK  [0m] Created slice system-serial\x2dgetty.slice.
[  19.89521] systed[]:Set up automount Aritrar Eectable File Formats File System Automont Point.
[[0;32m  OK  [0m] Set up automount Arbitrary Executab...ats File System Automount Point.
[   20.496595] systemd[1]: Reached target Encrypted Volumes.
[[0;32m  OK  [0m] Reached target Encrypted Volumes.
[   20.529636] systemd[1]: Listening on Journal Socket.
[[0;32m  OK  [0m] Listening on Journal Socket.
[   20.823376] systemd[1]: Mounting Huge Pages File System...
         Mounting Huge Pages File System...
[   20.860315] systemd[1]: Mounting Debug File System...
         Mounting Debug File System...
[   20.899096] systemd[1]: Starting Set console keymap...
         Starting Set console keymap...
[   20.924950] systemd[1]: Mounting POSIX Message Queue File System...
         Mounting POSIX Message Queue File System...
[   20.939143] systemd[1]: Listening on Journal Audit Socket.
[[0;32m  OK  [0m] Listening on Journal Audit Socket.
[   20.947406] systemd[1]: Created slice User and Session Slice.
[[0;32m  OK  [0m] Created slice User and Session Slice.
[   20.963324] systemd[1]: Starting Remount Root and Kernel File Systems...
         Starting Remount Root and Kernel File Systems...
[   20.989340] systemd[1]: Listening on LVM2 poll daemon socket.
[[0;32m  OK  [0m] Listening on LVM2 poll daemon socket.
[   21.024576] EXT4-fs (sda1): re-mounted. Opts: (null)
[   21.051114] systemd[1]: Starting Load Kernel Modules...
         Starting Load Kernel Modules...
[   21.070253] systemd[1]: Reached target Swap.
[[0;32m  OK  [0m] Reached target Swap.
[   21.095326] systemd[1]: Listening on Journal Socket (/dev/log).
[[0;32m  OK  [0m] Listening on Journal Socket (/dev/log).
[   21.130821] systemd[1]: Starting Journal Service...
         Starting Journal Service...
[   21.174498] systemd[1]: Reached target Slices.
[[0;32m  OK  [0m] Reached target Slices.
[   21.194429] Loading iSCSI transport class v2.0-870.
[   21.194526] systemd[1]: Reached target User and Group Name Lookups.
[[0;32m  OK  [0m] Reached target User and Group Name Lookups.
[   21.222735] systemd[1]: Starting Uncomplicated firewall...
         Starting Uncomplicated firewall...
[   21.238385] systemd[1]: Starting Create list of required static device nodes for the current kernel...
         Starting Create list of required st... nodes for the current ker[   21.250088] iscsi: registered transport (tcp)
nel...
[   21.414677] systemd[1]: Starting Nameserver information manager...
         Starting Nameserver information manager...
[   21.438768] systemd[1]: Listening on LVM2 metadata daemon socket.
[   21.448004] iscsi: registered transport (iser)
[[0;32m  OK  [0m] Listening on LVM2 metadata daemon socket.
[   21.454195] systemd[1]: Starting Monitoring of LVM2 mirrors, snapshots etc. using dmeventd or progress polling...
         Starting Monitoring of LVM2 mirrors... dmeventd or progress polling...
[   21.481233] systemd[1]: Mounted POSIX Message Queue File System.
[[0;32m  OK  [0m] Mounted POSIX Message Queue File System.
[   21.485569] systemd[1]: Mounted Debug File System.
[[0;32m  OK  [0m] Mounted Debug File System.
[   21.493723] systemd[1]: Mounted Huge Pages File System.
[[0;32m  OK  [0m] Mounted Huge Pages File System.
[   21.503717] systemd[1]: Started Journal Service.
[[0;32m  OK  [0m] Started Journal Service.
[[0;32m  OK  [0m] Started Set console keymap.
[[0;32m  OK  [0m] Started Remount Root and Kernel File Systems.
[[0;32m  OK  [0m] Started Load Kernel Modules.
[[0;32m  OK  [0m] Started Uncomplicated firewall.
[[0;32m  OK  [0m] Started Create list of required sta...ce nodes for the current kernel.
[[0;32m  OK  [0m] Started Nameserver information manager.
[[0;32m  OK  [0m] Started LVM2 metadata daemon.
         Starting Create Static Device Nodes in /dev...
         Mounting FUSE Control File System...
         Starting Apply Kernel Variables...
         Starting Load/Save Random Seed...
         Starting udev Coldplug all Devices...
         Starting Flush Journal to Persistent Storage...
[[0;32m  OK  [0m] Mounted FUSE Control File System.
[[0;32m  OK  [0m] Started Monitoring of LVM2 mirrors,...ng dmeventd or progress polling.
[[0;32m  OK  [0m] Started Apply Kernel Variables.
[[0;32m  OK  [0m] Started Load/Save Random Seed.
[[0;32m  OK  [0m] Started Create Static Device Nodes in /dev.
[[0;32m  OK  [0m] Started udev Coldplug all Devices.
         Starting udev Kernel Device Manager...
[[0;32m  OK  [0m] Reached target Local File Systems (Pre).
[[0;32m  OK  [0m] Reached target Local File Systems.
         Starting LSB: AppArmor initialization...
         Starting Set console font and keymap...
         Starting Tell Plymouth To Write Out Runtime Data...
         Starting Initial cloud-init job (pre-networking)...
[[0;32m  OK  [0m] Started Flush Journal to Persistent Storage.
[[0;32m  OK  [0m] Started Tell Plymouth To Write Out Runtime Data.
         Starting Create Volatile Files and Directories...
[[0;32m  OK  [0m] Started udev Kernel Device Manager.
[[0;32m  OK  [0m] Started Create Volatile Files and Directories.
         Starting Update UTMP about System Boot/Shutdown...
[[0;32m  OK  [0m] Started Dispatch Password Requests to Console Directory Watch.
[[0;32m  OK  [0m] Found device /dev/ttyS0.
[[0;32m  OK  [0m] Started Update UTMP about System Boot/Shutdown.
[[0;32m  OK  [0m] Listening on Load/Save RF Kill Switch Status /dev/rfkill Watch.
[[0;32m  OK  [0m] Started LSB: AppArmor initialization.
[[0;32m  OK  [0m] Started Set console font and keymap.
[[0;32m  OK  [0m] Found device 82540EM Gigabit Ethern...r (PRO/1000 MT Desktop Adapter).
[[0;32m  OK  [0m] Created slice system-getty.slice.
[[0;32m  OK  [0m] Found device 82540EM Gigabit Ethern...r (PRO/1000 MT Desktop Adapter).
[   25.792990] cloud-init[473]: Cloud-init v. 18.4-0ubuntu1~16.04.2 running 'init-local' at Sat, 02 Mar 2019 16:46:53 +0000. Up 24.67 seconds.
[[0;32m  OK  [0m] Started Initial cloud-init job (pre-networking).
[[0;32m  OK  [0m] Reached target Network (Pre).
[[0;32m  OK  [0m] Started ifup for enp0s8.
[[0;32m  OK  [0m] Started ifup for enp0s3.
         Starting Raise network interfaces...
[[0;32m  OK  [0m] Started Raise network interfaces.
         Starting Initial cloud-init job (metadata service crawler)...
[[0;32m  OK  [0m] Reached target Network.
[   27.978175] cloud-init[1057]: Cloud-init v. 18.4-0ubuntu1~16.04.2 running 'init' at Sat, 02 Mar 2019 16:46:56 +0000. Up 26.93 seconds.
[   28.021218] cloud-init[1057]: ci-info: ++++++++++++++++++++++++++++++++++++++Net device info+++++++++++++++++++++++++++++++++++++++
[   28.062343] [cloud-init[0;32m  OK  [0m[1057]: ] ci-info: +--------+------+-----------------------------+---------------+--------+-------------------+Started Initial cloud-init job (metadata service crawler).

[   28.063058] cloud-init[1057]: ci-info: | Device |  Up  |           Address           |      Mask     | Scope  |     Hw-Address    |
[   28.091061] [cloud-init[0;32m  OK  [0m[1057]: ] ci-info: +--------+------+-----------------------------+---------------+--------+-------------------+Reached target Cloud-config availability.

[   28.091933] [cloud-init[0;32m  OK  [0m[1057]: ] ci-info: | enp0s3 | True |          10.0.2.15          | 255.255.255.0 | global | 02:0d:67:c1:5e:a8 |Reached target System Initialization.

[   28.165380] [cloud-init[0;32m  OK  [0m[1057]: ] ci-info: | enp0s3 | True |  fe80::d:67ff:fec1:5ea8/64  |       .       |  link  | 02:0d:67:c1:5e:a8 |Listening on UUID daemon activation socket.

[   28.167633] cloud-init[1057]: ci-info: | enp0s8 | True |        192.168.33.10        | 255.255.255.0 | global | 08:00:27:de:a9:cf |
[[0;32m  OK  [0m] Started Daily Cleanup of Temporary Directories.
[   28.208411]          cloud-initStarting Socket activation for snappy daemon.[1057]: 
ci-info: | enp0s8 | True | fe80::a00:27ff:fede:a9cf/64 |       .       |  link  | 08:00:27:de:a9:cf |
[   28.292466] cloud-init[1057]: ci-info: |   lo   | True |          127.0.0.1          |   255.0.0.0   |  host  |         .         |
[   28.321009] [cloud-init[0;32m  OK  [0m[1057]: ] ci-info: |   lo   | True |           ::1/128           |       .       |  host  |         .         |Started ACPI Events Check.

[[0;32m  OK  [0m] Reached target Paths.
[   28.322956] cloud-init[1057]: ci-info: +--------+------+-----------------------------+---------------+--------+-------------------+
[   28.417017] cloud-init[1057]: ci-info: ++++++++++++++++++++++++++++Route IPv4 info++++++++++++++++++++++++++++
[   28.440906] cloud-init[1057]: ci-info: +-------+--------------+----------+---------------+-----------+-------+
[   28.465492] cloud-init[1057]: ci-info: | Route | Destination  | Gateway  |    Genmask    | Interface | Flags |
         Starting LXD - unix socket.
[   28.488978] cloud-init[1057]: ci-info: +-------+--------------+----------+---------------+-----------+-------+
[   28.528917] cloud-init[1057]: ci-info: |   0   |   0.0.0.0    | 10.0.2.2 |    0.0.0.0    |   enp0s3  |   UG  |
[   28.529427] cloud-init[1057]: ci-info: |   1   |   10.0.2.0   | 0.0.0.0  | 255.255.255.0 |   enp0s3  |   U   |
[   28.531982] cloud-init[1057]: ci-info: |   2   | 192.168.33.0 | 0.0.0.0  | 255.255.255.0 |   enp0s8  |   U   |
[   28.532325] cloud-init[1057]: ci-info: +-------+--------------+----------+---------------+-----------+-------+[[0;32m  OK  [0m] Listening on D-Bus System Message Bus Socket.

[[0;32m  OK  [0m] Started Daily apt download activities.
[   28.632375] cloud-init[1057]: ci-info: +++++++++++++++++++Route IPv6 info+++++++++++++++++++
[[0;32m  OK  [0m] Started Daily apt upgrade and clean activities.
[   28.676477] cloud-init[1057]: ci-info: +-------+-------------+---------+-----------+-------+
[   28.721538] cloud-init[1057]: ci-info: | Route | Destination | Gateway | Interface | Flags |
[   28.722055] cloud-init[1057]: ci-info: +-------+-------------+---------+-----------+-------+
[   28.723170] cloud-init[1057]: ci-info: |   0   |  fe80::/64  |    ::   |   enp0s8  |   U   |
[   28.724074] cloud-init[1057]: ci-info: |   1   |  fe80::/64  |    ::   |   enp0s3  |   U   |
[[0;32m  OK  [0m] Reached target Timers.
[   28.724692] cloud-init[1057]: ci-info: |   4   |   ff00::/8  |    ::   |   enp0s8  |   U   |
[   28.809274] cloud-init[1057]: ci-info: |   5   |   ff00::/8  |    ::   |   enp0s3  |   U   |
[   28.811740] cloud-init[1057]: ci-info: +-------+-------------+---------+-----------+-------+
[[0;32m  OK  [0m] Listening on ACPID Listen Socket.
[[0;32m  OK  [0m] Reached target Network is Online.
         Starting iSCSI initiator daemon (iscsid)...
[[0;32m  OK  [0m] Listening on Socket activation for snappy daemon.
[[0;32m  OK  [0m] Listening on LXD - unix socket.
[[0;32m  OK  [0m] Started iSCSI initiator daemon (iscsid).
         Starting Login to default iSCSI targets...
[[0;32m  OK  [0m] Reached target Sockets.
[[0;32m  OK  [0m] Reached target Basic System.
         Starting LSB: MD monitoring daemon...
         Starting Accounts Service...
[[0;32m  OK  [0m] Started D-Bus System Message Bus.
         Starting LXD - container startup/shutdown...
[[0;32m  OK  [0m] Started Deferred execution scheduler.
[[0;32m  OK  [0m] Started FUSE filesystem for LXC.
         Starting Snappy daemon...
         Starting OpenBSD Secure Shell server...
         Starting Login Service...
         Starting /etc/rc.local Compatibility...
         Starting Virtualbox guest utils...
[[0;32m  OK  [0m] Started ACPI event daemon.
[[0;32m  OK  [0m] Started Regular background program processing daemon.
         Starting System Logging Service...
         Starting LSB: Record successful boot for GRUB...
[[0;32m  OK  [0m] Started Unattended Upgrades Shutdown.
[[0;32m  OK  [0m] Started /etc/rc.local Compatibility.
         Starting Authenticate and Authorize Users to Run Privileged Tasks...
[[0;32m  OK  [0m] Started Login Service.
[[0;32m  OK  [0m] Started Login to default iSCSI targets.
[[0;32m  OK  [0m] Reached target Remote File Systems (Pre).
[[0;32m  OK  [0m] Reached target Remote File Systems.
         Starting LSB: Set the CPU Frequency Scaling governor to "ondemand"...
         Starting Permit User Sessions...
         Starting LSB: daemon to balance interrupts for SMP systems...
         Starting LSB: automatic crash report generation...
[[0;32m  OK  [0m] Started LSB: MD monitoring daemon.
[[0;32m  OK  [0m] Started LSB: Set the CPU Frequency Scaling governor to "ondemand".
[[0;32m  OK  [0m] Started Permit User Sessions.
         Starting Terminate Plymouth Boot Screen...
         Starting Hold until boot process finishes up...
[[0;32m  OK  [0m] Started Hold until boot process finishes up.
[[0;32m  OK  [0m] Started Terminate Plymouth Boot Screen.
[[0;32m  OK  [0m] Started Getty on tty1.
[[0;32m  OK  [0m] Started Serial Getty on ttyS0.
[[0;32m  OK  [0m] Reached target Login Prompts.
         Starting Set console scheme...
[[0;32m  OK  [0m] Started Set console scheme.
[[0;32m  OK  [0m] Started LSB: daemon to balance interrupts for SMP systems.
[[0;32m  OK  [0m] Started LSB: Record successful boot for GRUB.
[[0;32m  OK  [0m] Started LSB: automatic crash report generation.
[[0;32m  OK  [0m] Started OpenBSD Secure Shell server.
[[0;32m  OK  [0m] Started Authenticate and Authorize Users to Run Privileged Tasks.
[[0;32m  OK  [0m] Started Accounts Service.
[[0;32m  OK  [0m] Started System Logging Service.
[[0;32m  OK  [0m] Started Virtualbox guest utils.
[[0;32m  OK  [0m] Created slice User Slice of vagrant.
         Starting User Manager for UID 1000...
[[0;32m  OK  [0m] Started Session 1 of user vagrant.
[[0;32m  OK  [0m] Started User Manager for UID 1000.
[[0;32m  OK  [0m] Started LXD - container startup/shutdown.
[[0;32m  OK  [0m] Started Snappy daemon.
         Starting Wait until snapd is fully seeded...
[[0;32m  OK  [0m] Started Wait until snapd is fully seeded.
         Starting Apply the settings specified in cloud-config...
[[0;32m  OK  [0m] Reached target Multi-User System.
[[0;32m  OK  [0m] Reached target Graphical Interface.
         Starting Update UTMP about System Runlevel Changes...
[[0;32m  OK  [0m] Started Update UTMP about System Runlevel Changes.
[   34.663387] cloud-init[1334]: Cloud-init v. 18.4-0ubuntu1~16.04.2 running 'modules:config' at Sat, 02 Mar 2019 16:47:03 +0000. Up 34.43 seconds.
[[0;32m  OK  [0m] Started Apply the settings specified in cloud-config.
         Starting Execute cloud user/final scripts...
[   35.826310] cloud-init[1378]: Cloud-init v. 18.4-0ubuntu1~16.04.2 running 'modules:final' at Sat, 02 Mar 2019 16:47:04 +0000. Up 35.45 seconds.
[   35.876630] cloud-init[1378]: Cloud-init v. 18.4-0ubuntu1~16.04.2 finished at Sat, 02 Mar 2019 16:47:05 +0000. Datasource DataSourceNoCloud [seed=/dev/sdb][dsmode=net].  Up 35.78 seconds

Ubuntu 16.04.5 LTS ubuntu-xenial ttyS0

ubuntu-xenial login: 